// Jest Snapshot v1, https://goo.gl/fbAQLP

exports[`<AppRouter /> renders with default props 1`] = `
<Switch>
  <Route
    component={[Function]}
    exact={true}
    path="undefined/"
  />
  <Route
    component={[Function]}
    exact={true}
    path="undefined/inbox"
  />
  <Route
    component={[Function]}
    exact={true}
    path="undefined/mailbox"
  />
  <Route
    component={[Function]}
    exact={true}
    path="undefined/calendar"
  />
  <Route
    component={[Function]}
    exact={true}
    path="undefined/googlemap"
  />
  <Route
    component={[Function]}
    exact={true}
    path="undefined/leafletmap"
  />
  <Route
    component={[Function]}
    exact={true}
    path="undefined/table_fb"
  />
  <Route
    component={[Function]}
    exact={true}
    path="undefined/table_ant"
  />
  <Route
    component={[Function]}
    exact={true}
    path="undefined/allFormComponent"
  />
  <Route
    component={[Function]}
    exact={true}
    path="undefined/InputField"
  />
  <Route
    component={[Function]}
    exact={true}
    path="undefined/editor"
  />
  <Route
    component={[Function]}
    exact={true}
    path="undefined/stepperForms"
  />
  <Route
    component={[Function]}
    exact={true}
    path="undefined/FormsWithValidation"
  />
  <Route
    component={[Function]}
    exact={true}
    path="undefined/progress"
  />
  <Route
    component={[Function]}
    exact={true}
    path="undefined/ladda_button"
  />
  <Route
    component={[Function]}
    exact={true}
    path="undefined/button"
  />
  <Route
    component={[Function]}
    exact={true}
    path="undefined/tab"
  />
  <Route
    component={[Function]}
    exact={true}
    path="undefined/autocomplete"
  />
  <Route
    component={[Function]}
    exact={true}
    path="undefined/checkbox"
  />
  <Route
    component={[Function]}
    exact={true}
    path="undefined/radiobox"
  />
  <Route
    component={[Function]}
    exact={true}
    path="undefined/selectbox"
  />
  <Route
    component={[Function]}
    exact={true}
    path="undefined/transfer"
  />
  <Route
    component={[Function]}
    exact={true}
    path="undefined/gridLayout"
  />
  <Route
    component={[Function]}
    exact={true}
    path="undefined/notes"
  />
  <Route
    component={[Function]}
    exact={true}
    path="undefined/todo"
  />
  <Route
    component={[Function]}
    exact={true}
    path="undefined/contacts"
  />
  <Route
    component={[Function]}
    exact={true}
    path="undefined/alert"
  />
  <Route
    component={[Function]}
    exact={true}
    path="undefined/modal"
  />
  <Route
    component={[Function]}
    exact={true}
    path="undefined/message"
  />
  <Route
    component={[Function]}
    exact={true}
    path="undefined/notification"
  />
  <Route
    component={[Function]}
    exact={true}
    path="undefined/progress"
  />
  <Route
    component={[Function]}
    exact={true}
    path="undefined/Popconfirm"
  />
  <Route
    component={[Function]}
    exact={true}
    path="undefined/spin"
  />
  <Route
    component={[Function]}
    exact={true}
    path="undefined/shuffle"
  />
  <Route
    component={[Function]}
    exact={true}
    path="undefined/affix"
  />
  <Route
    component={[Function]}
    exact={true}
    path="undefined/breadcrumb"
  />
  <Route
    component={[Function]}
    exact={true}
    path="undefined/backToTop"
  />
  <Route
    component={[Function]}
    exact={true}
    path="undefined/dropdown"
  />
  <Route
    component={[Function]}
    exact={true}
    path="undefined/op_badge"
  />
  <Route
    component={[Function]}
    exact={true}
    path="undefined/op_card"
  />
  <Route
    component={[Function]}
    exact={true}
    path="undefined/op_carousel"
  />
  <Route
    component={[Function]}
    exact={true}
    path="undefined/op_collapse"
  />
  <Route
    component={[Function]}
    exact={true}
    path="undefined/op_tooltip"
  />
  <Route
    component={[Function]}
    exact={true}
    path="undefined/rating"
  />
  <Route
    component={[Function]}
    exact={true}
    path="undefined/tree"
  />
  <Route
    component={[Function]}
    exact={true}
    path="undefined/op_tag"
  />
  <Route
    component={[Function]}
    exact={true}
    path="undefined/op_timeline"
  />
  <Route
    component={[Function]}
    exact={true}
    path="undefined/op_popover"
  />
  <Route
    component={[Function]}
    exact={true}
    path="undefined/googleChart"
  />
  <Route
    component={[Function]}
    exact={true}
    path="undefined/reecharts"
  />
  <Route
    component={[Function]}
    exact={true}
    path="undefined/reactVis"
  />
  <Route
    component={[Function]}
    exact={true}
    path="undefined/menu"
  />
  <Route
    component={[Function]}
    exact={true}
    path="undefined/ReactChart2"
  />
  <Route
    component={[Function]}
    exact={true}
    path="undefined/pagination"
  />
  <Route
    component={[Function]}
    exact={true}
    path="undefined/reactTrend"
  />
  <Route
    component={[Function]}
    exact={true}
    path="undefined/invoice"
  />
  <Route
    component={[Function]}
    exact={true}
    path="undefined/card"
  />
  <Route
    component={[Function]}
    exact={true}
    path="undefined/cart"
  />
  <Route
    component={[Function]}
    exact={true}
    path="undefined/checkout"
  />
  <Route
    component={[Function]}
    exact={true}
    path="undefined/shop"
  />
  <Route
    component={[Function]}
    exact={true}
    path="undefined/reactDates"
  />
  <Route
    component={[Function]}
    exact={true}
    path="undefined/codeMirror"
  />
  <Route
    component={[Function]}
    exact={true}
    path="undefined/uppy"
  />
  <Route
    component={[Function]}
    exact={true}
    path="undefined/dropzone"
  />
  <Route
    component={[Function]}
    exact={true}
    path="undefined/youtubeSearch"
  />
  <Route
    component={[Function]}
    exact={true}
    path="undefined/frappeChart"
  />
  <Route
    component={[Function]}
    exact={true}
    key="gitSearch"
    path="undefined/githubSearch"
  />
  <Route
    component={[Function]}
    exact={true}
    key="blank_page"
    path="undefined/blank_page"
  />
</Switch>
`;
